=== R10-05 RESOURCE PRESSURE / OOM ===
target pod: r10-app-66fd5b64bf-6pjfc (limit: 128Mi memory)
--- before ---
NAME                       READY   STATUS    RESTARTS      AGE    IP           NODE          NOMINATED NODE   READINESS GATES
r10-app-66fd5b64bf-6pjfc   1/1     Running   1 (25s ago)   111s   10.244.1.6   r10-worker2   <none>           <none>
--- triggering real OOM via stress-ng inside the pod (vm-bytes 300M > 128Mi limit) ---
stress-ng: info:  [35] setting to a 20 secs run per stressor
stress-ng: info:  [35] dispatching hogs: 1 vm
stress-ng: info:  [41] vm: using 300M per stressor instance (total 300M of 3.59G available memory)
kubectl.exe : command terminated with exit code 137
At line:9 char:1
+ kubectl.exe exec $targetPod -- stress-ng --vm 1 --vm-bytes 300M --vm- ...
+ ~~~~~~~~~~~~~~~~~~~~~~~~~~~~~~~~~~~~~~~~~~~~~~~~~~~~~~~~~~~~~~~~~~~~~
    + CategoryInfo          : NotSpecified: (command terminated with exit code 137:String) [], RemoteException
    + FullyQualifiedErrorId : NativeCommandError
 
--- after (expect OOMKilled + restart) ---
NAME                       READY   STATUS    RESTARTS      AGE    IP           NODE          NOMINATED NODE   READINESS GATES
r10-app-66fd5b64bf-6pjfc   1/1     Running   2 (10s ago)   2m1s   10.244.1.6   r10-worker2   <none>           <none>

    Last State:     Terminated
      Reason:       OOMKilled
      Exit Code:    137
    Restart Count:  2
  Type     Reason     Age                From               Message


LAST SEEN   TYPE      REASON      OBJECT                         MESSAGE
2m1s        Normal    Scheduled   pod/r10-app-66fd5b64bf-6pjfc   Successfully assigned default/r10-app-66fd5b64bf-6pjfc to r10-worker2
2m          Warning   Unhealthy   pod/r10-app-66fd5b64bf-6pjfc   Readiness probe failed: Get "http://10.244.1.6:8000/ready": dial tcp 10.244.1.6:8000: connect: connection refused
69s         Warning   Unhealthy   pod/r10-app-66fd5b64bf-6pjfc   Readiness probe failed: HTTP probe failed with statuscode: 500
65s         Warning   Unhealthy   pod/r10-app-66fd5b64bf-6pjfc   Liveness probe failed: HTTP probe failed with statuscode: 500
65s         Normal    Killing     pod/r10-app-66fd5b64bf-6pjfc   Container app failed liveness probe, will be restarted
9s          Normal    Pulled      pod/r10-app-66fd5b64bf-6pjfc   Container image "r10-app:v2" already present on machine
9s          Normal    Created     pod/r10-app-66fd5b64bf-6pjfc   Created container app
9s          Normal    Started     pod/r10-app-66fd5b64bf-6pjfc   Started container app
