=== COLD START 2026-09-14T16:37:34Z ===
pre-state: no patroni image, no patroni-src_demo network, no containers

=== Preflight ===
Docker ready.

=== R14 prerequisite - Patroni image ===
building image 'patroni' from the official patroni/patroni Dockerfile...
#0 building with "desktop-linux" instance using docker driver

#1 [internal] load build definition from Dockerfile
#1 transferring dockerfile: 8.44kB done
#1 WARN: FromAsCasing: 'as' and 'FROM' keywords' casing do not match (line 10)
#1 DONE 0.0s

#2 [internal] load metadata for docker.io/library/postgres:17
#2 DONE 1.3s

#3 [internal] load .dockerignore
#3 transferring context: 2B done
#3 DONE 0.0s

#4 [builder 1/3] FROM docker.io/library/postgres:17@sha256:67f41722b7a8cbdb868a44a4995c846eddfdc2973bccb291ce937dce88ad5675
#4 resolve docker.io/library/postgres:17@sha256:67f41722b7a8cbdb868a44a4995c846eddfdc2973bccb291ce937dce88ad5675 0.0s done
#4 DONE 0.0s

#5 [internal] load build context
#5 transferring context: 3.56kB done
#5 DONE 0.0s

#6 [stage-1 4/8] COPY extras/confd/templates/haproxy.tmpl /etc/confd/templates/
#6 CACHED

#7 [stage-1 5/8] COPY patroni*.py docker/entrypoint.sh /
#7 CACHED

#8 [stage-1 3/8] COPY extras/confd/conf.d/haproxy.toml /etc/confd/conf.d/
#8 CACHED

#9 [stage-1 2/8] COPY patroni /patroni/
#9 CACHED

#10 [stage-1 1/8] COPY --from=builder / /
#10 CACHED

#11 [builder 2/3] RUN set -ex     && export DEBIAN_FRONTEND=noninteractive     && echo 'APT::Install-Recommends "0";\nAPT::Install-Suggests "0";' > /etc/apt/apt.conf.d/01norecommend     && apt-get update -y     && apt-cache depends patroni | sed -n -e 's/.*Depends: \(python3-.\+\)$/\1/p'             | grep -Ev '^python3-(sphinx|etcd|consul|kazoo|kubernetes)'             | xargs apt-get install -y vim curl less jq locales haproxy sudo                             python3-etcd python3-kazoo python3-pip busybox                             net-tools iputils-ping dumb-init --fix-missing     && find /usr/share/i18n/charmaps/ -type f ! -name UTF-8.gz -delete     && find /usr/share/i18n/locales/ -type f ! -name en_US ! -name en_GB ! -name i18n* ! -name iso14651_t1 ! -name iso14651_t1_common ! -name 'translit_*' -delete     && echo 'en_US.UTF-8 UTF-8' > /usr/share/i18n/SUPPORTED     && localedef -i en_US -c -f UTF-8 -A /usr/share/locale/locale.alias en_US.UTF-8     && echo 'global\n        stats socket /run/haproxy/admin.sock mode 660 level admin' > /etc/haproxy/haproxy.cfg     && echo 'syntax on\nfiletype plugin indent on\nset mouse-=a\nautocmd FileType yaml setlocal ts=2 sts=2 sw=2 expandtab' > /etc/vim/vimrc.local     && mkdir -p "/home/postgres/.config/patroni" /patroni /run/haproxy     && ln -s ../../postgres0.yml "/home/postgres/.config/patroni/patronictl.yaml"     && ln -s /patronictl.py /usr/local/bin/patronictl     && sed -i "s|/var/lib/postgresql.*|/home/postgres:/bin/bash|" /etc/passwd     && chown -R postgres:postgres /var/log     && curl -sL "https://github.com/coreos/etcd/releases/download/v3.3.13/etcd-v3.3.13-linux-$(dpkg --print-architecture).tar.gz"             | tar xz -C /usr/local/bin --strip=1 --wildcards --no-anchored etcd etcdctl     && if [ $(dpkg --print-architecture) = 'arm64' ]; then         apt-get install -y git make         && curl -sL https://go.dev/dl/go1.20.4.linux-arm64.tar.gz | tar xz -C /usr/local go         && export GOROOT=/usr/local/go && export PATH=/usr/local/sbin:/usr/local/bin:/usr/sbin:/usr/bin:/sbin:/bin:/usr/lib/postgresql/17/bin:$GOROOT/bin         && git clone --recurse-submodules https://github.com/kelseyhightower/confd.git         && make -C confd         && cp confd/bin/confd /usr/local/bin/confd         && rm -rf /confd /usr/local/go;     else         curl -sL "https://github.com/kelseyhightower/confd/releases/download/v0.16.0/confd-0.16.0-linux-$(dpkg --print-architecture)"             > /usr/local/bin/confd && chmod +x /usr/local/bin/confd;     fi     && apt-get purge -y --allow-remove-essential python3-pip gzip bzip2 util-linux e2fsprogs                 libmagic1 bsdmainutils login ncurses-bin libmagic-mgc e2fslibs bsdutils                 exim4-config gnupg-agent dirmngr                 git make     && apt-get autoremove -y     && apt-get clean -y     && rm -rf /var/lib/apt/lists/*         /root/.cache         /var/cache/debconf/*         /etc/rc?.d         /etc/systemd         /docker-entrypoint*         /sbin/pam*         /sbin/swap*         /sbin/unix*         /usr/local/bin/gosu         /usr/sbin/[acgipr]*         /usr/sbin/*user*         /usr/share/doc*         /usr/share/man         /usr/share/info         /usr/share/i18n/locales/translit_hangul         /usr/share/locale/??         /usr/share/locale/??_??         /usr/share/postgresql/*/man         /usr/share/postgresql-common/pg_wrapper         /usr/share/vim/vim*/doc         /usr/share/vim/vim*/lang         /usr/share/vim/vim*/tutor     && find /usr/bin -xtype l -delete     && find /var/log -type f -exec truncate --size 0 {} ;     && find /usr/lib/python3/dist-packages -name '*test*' | xargs rm -fr     && find /lib/$(uname -m)-linux-gnu/security -type f ! -name pam_env.so ! -name pam_permit.so ! -name pam_unix.so -delete
#11 CACHED

#12 [stage-1 6/8] COPY postgres?.yml /home/postgres/
#12 CACHED

#13 [stage-1 7/8] WORKDIR /home/postgres
#13 CACHED

#14 [builder 3/3] RUN if [ "false" = "true" ]; then         set -ex         && echo 'postgres ALL=(ALL) NOPASSWD: /bin/tar xpJf /a.tar.xz -C /, /bin/rm /a.tar.xz, /bin/ln -snf dash /bin/sh' >> /etc/sudoers         && ln -snf busybox /bin/sh         && arch=$(uname -m)         && darch=$(uname -m | sed 's/_/-/')         && files="/bin/sh /usr/bin/sudo /usr/lib/sudo/sudoers.so /lib/$arch-linux-gnu/security/pam_*.so"         && libs="$(ldd $files | awk '{print $3;}' | grep '^/' | sort -u) /lib/ld-linux-$darch.so.* /lib/$arch-linux-gnu/ld-linux-$darch.so.* /lib/$arch-linux-gnu/libnsl.so.* /lib/$arch-linux-gnu/libnss_compat.so.* /lib/$arch-linux-gnu/libnss_files.so.*"         && (echo /var/run $files $libs | tr ' ' '\n' && realpath $files $libs) | sort -u | sed 's/^\///' > /exclude         && find /etc/alternatives -xtype l -delete         && save_dirs="usr lib var bin sbin etc/ssl etc/init.d etc/alternatives etc/apt"         && XZ_OPT=-e9v tar -X /exclude -cpJf a.tar.xz $save_dirs         && /bin/busybox sh -c "(find $save_dirs -not -type d && cat /exclude /exclude && echo exclude) | sort | uniq -u | xargs /bin/busybox rm"         && /bin/busybox --install -s         && /bin/busybox sh -c "find $save_dirs -type d -depth -exec rmdir -p {} \; 2> /dev/null";     else         /bin/busybox --install -s;     fi
#14 CACHED

#15 [stage-1 8/8] RUN sed -i 's/env python/&3/' /patroni*.py     && sed -i 's/^  listen: 127.0.0.1/  listen: 0.0.0.0/' postgres?.yml     && sed -i "s|^\(  data_dir: \).*|\1/home/postgres/data|" postgres?.yml     && sed -i "s|^#\(  bin_dir: \).*|\1/usr/lib/postgresql/17/bin|" postgres?.yml     && sed -i 's/^  - encoding: UTF8/  - locale: en_US.UTF-8\n&/' postgres?.yml     && sed -i 's/^\(scope\|name\|etcd\|  host\|  authentication\|  connect_address\|  parameters\):/#&/' postgres?.yml     && sed -i 's/^    \(replication\|superuser\|rewind\|unix_socket_directories\|\(\(  \)\{0,1\}\(username\|password\)\)\):/#&/' postgres?.yml     && sed -i 's/^      parameters:/&\n        max_connections: 100/'  postgres?.yml     && sed -i 's/^      pg_hba:/&\n      - local all all trust/' postgres?.yml     && sed -i 's/^\(.*\) \(.*\) md5/\1 all md5/' postgres?.yml     && if [ "false" = "true" ]; then chmod u+s /usr/bin/sudo; fi     && chmod +s /bin/ping     && chown -R postgres:postgres "/home/postgres" /run /etc/haproxy
#15 CACHED

#16 exporting to image
#16 exporting layers done
#16 exporting manifest sha256:37d80c57947162928f2aa4b3b306d95dab0379ea8c32bc9142740a82c3f21dc8 done
#16 exporting config sha256:1178583471cdc18c05568567bee36ce306edda2bdca7e82b794ee18ead243d19 done
#16 exporting attestation manifest sha256:92181b0fd6af635d1cd83d783902ac0dce812611286ab5d21db0f33d46a35ed0 0.0s done
#16 exporting manifest list sha256:f0a272477281f832bcfab3e0c7a96aa4512caadd38fdd3537a953f95889f0053 0.0s done
#16 naming to docker.io/library/patroni:latest
#16 naming to docker.io/library/patroni:latest done
#16 unpacking to docker.io/library/patroni:latest
#16 unpacking to docker.io/library/patroni:latest 2.3s done
#16 DONE 2.3s

 [33m1 warning found (use docker --debug to expand):
[0m - FromAsCasing: 'as' and 'FROM' keywords' casing do not match (line 10)

View build details: docker-desktop://dashboard/build/desktop-linux/desktop-linux/y8336fe79ydrx2kr3gfq3eqsv

=== R14 prerequisite - 3-node Patroni cluster ===
 Network patroni-src_demo Creating 
 Network patroni-src_demo Created 
 Container demo-patroni1 Creating 
 Container demo-etcd1 Creating 
 Container demo-patroni2 Creating 
 Container demo-haproxy Creating 
 Container demo-etcd2 Creating 
 Container demo-patroni3 Creating 
 Container demo-etcd3 Creating 
 Container demo-patroni2 Created 
 Container demo-haproxy Created 
 Container demo-etcd1 Created 
 Container demo-patroni3 Created 
 Container demo-etcd3 Created 
 Container demo-etcd2 Created 
 Container demo-patroni1 Created 
 Container demo-patroni1 Starting 
 Container demo-etcd2 Starting 
 Container demo-patroni3 Starting 
 Container demo-patroni2 Starting 
 Container demo-etcd3 Starting 
 Container demo-etcd1 Starting 
 Container demo-haproxy Starting 
 Container demo-patroni2 Started 
 Container demo-patroni1 Started 
 Container demo-etcd1 Started 
 Container demo-etcd2 Started 
 Container demo-patroni3 Started 
 Container demo-haproxy Started 
 Container demo-etcd3 Started 
waiting for Patroni cluster to elect a leader (timeout 120s).. ok (4s)
waiting for all 3 Patroni members healthy (timeout 120s)..... ok (10s)
Patroni leader: patroni3

=== Switching leader to patroni1 (required by the pinned order connector) ===
Current cluster topology
+ Cluster: demo (7685431112488345644) ------+----+-------------+-----+------------+-----+
| Member   | Host       | Role    | State   | TL | Receive LSN | Lag | Replay LSN | Lag |
+----------+------------+---------+---------+----+-------------+-----+------------+-----+
| patroni1 | 172.22.0.4 | Replica | running |  1 |   0/4000000 |   0 |  0/4000000 |   0 |
| patroni2 | 172.22.0.2 | Replica | running |  1 |   0/3000000 |  16 |  0/3000000 |  16 |
| patroni3 | 172.22.0.6 | Leader  | running |  1 |             |     |            |     |
+----------+------------+---------+---------+----+-------------+-----+------------+-----+
2026-09-14 16:38:17.16087 Successfully switched over to "patroni1"
+ Cluster: demo (7685431112488345644) ------+----+-------------+-----+------------+-----+
| Member   | Host       | Role    | State   | TL | Receive LSN | Lag | Replay LSN | Lag |
+----------+------------+---------+---------+----+-------------+-----+------------+-----+
| patroni1 | 172.22.0.4 | Leader  | running |  1 |             |     |            |     |
| patroni2 | 172.22.0.2 | Replica | running |  1 |   0/3000000 |  16 |  0/3000000 |  16 |
| patroni3 | 172.22.0.6 | Replica | running |  1 |     unknown |     |  0/40001A8 |   0 |
+----------+------------+---------+---------+----+-------------+-----+------------+-----+
waiting for patroni1 to become leader (timeout 90s) ok (0s)

=== R14 prerequisite - wal_level=logical ===
wal_level is 'replica' - setting logical via Patroni REST PATCH /config
applying with a real rolling restart (patronictl restart demo --force)
+ Cluster: demo (7685431112488345644) --------+----+-------------+-----+------------+-----+
| Member   | Host       | Role    | State     | TL | Receive LSN | Lag | Replay LSN | Lag |
+----------+------------+---------+-----------+----+-------------+-----+------------+-----+
| patroni1 | 172.22.0.4 | Leader  | running   |  2 |             |     |            |     |
| patroni2 | 172.22.0.2 | Replica | streaming |  1 |   0/40001A8 |   0 |  0/40001A8 |   0 |
| patroni3 | 172.22.0.6 | Replica | running   |  1 |     unknown |     |  0/40001A8 |   0 |
+----------+------------+---------+-----------+----+-------------+-----+------------+-----+
Success: restart on member patroni1
Success: restart on member patroni2
Success: restart on member patroni3
waiting for cluster healthy after restart (timeout 120s) ok (0s)
wal_level now: logical

=== R15 infrastructure ===
 Network r15-capstone_r15net Creating 
 Network r15-capstone_r15net Created 
 Container r15-capstone-kafka-1 Creating 
 Container r15-capstone-payment-db-1 Creating 
 Container r15-capstone-toxiproxy-1 Creating 
 Container r15-capstone-pgbouncer-1 Creating 
 Container r15-capstone-valkey-1 Creating 
 Container r15-capstone-toxiproxy-1 Created 
 Container r15-capstone-kafka-1 Created 
 Container r15-capstone-valkey-1 Created 
 Container r15-capstone-payment-db-1 Created 
 Container r15-capstone-pgbouncer-1 Created 
 Container r15-capstone-payment-db-1 Starting 
 Container r15-capstone-kafka-1 Starting 
 Container r15-capstone-pgbouncer-1 Starting 
 Container r15-capstone-valkey-1 Starting 
 Container r15-capstone-toxiproxy-1 Starting 
 Container r15-capstone-valkey-1 Started 
 Container r15-capstone-payment-db-1 Started 
 Container r15-capstone-kafka-1 Started 
 Container r15-capstone-toxiproxy-1 Started 
 Container r15-capstone-pgbouncer-1 Started 
waiting for Toxiproxy control API (timeout 60s) ok (0s)

=== R15 Toxiproxy proxies (orderdb, orderdb2, cache) ===
proxy 'orderdb' created (56000 -> pgbouncer:6432)
proxy 'orderdb2' created (56010 -> pgbouncer:6432)
proxy 'cache' created (56001 -> valkey:6379)

=== R15 applications ===
 Image r15-capstone-order-service-1 Building 
 Image r15-capstone-payment-service Building 
 Image r15-capstone-order-service-2 Building 
#1 [internal] load local bake definitions
#1 reading from stdin 1.72kB done
#1 DONE 0.0s

#2 [order-service-2 internal] load build definition from Dockerfile
#2 transferring dockerfile: 321B done
#2 DONE 0.0s

#3 [payment-service internal] load build definition from Dockerfile
#3 transferring dockerfile: 211B done
#3 DONE 0.0s

#4 [payment-service internal] load metadata for docker.io/library/python:3.12-slim
#4 DONE 1.8s

#5 [order-service-2 internal] load .dockerignore
#5 transferring context: 2B done
#5 DONE 0.0s

#6 [payment-service internal] load .dockerignore
#6 transferring context: 2B done
#6 DONE 0.0s

#7 [order-service-1 internal] load build context
#7 transferring context: 31B done
#7 DONE 0.0s

#8 [payment-service internal] load build context
#8 transferring context: 33B done
#8 DONE 0.0s

#9 [order-service-1 1/3] FROM docker.io/library/python:3.12-slim@sha256:78387bc3881b8273120a12ebe6c1ab22b018ccc2c9adf565ae1ac9b536e184ea
#9 resolve docker.io/library/python:3.12-slim@sha256:78387bc3881b8273120a12ebe6c1ab22b018ccc2c9adf565ae1ac9b536e184ea 0.0s done
#9 DONE 0.0s

#10 [payment-service 2/3] RUN pip install --no-cache-dir psycopg2-binary==2.9.9 kafka-python==3.0.11
#10 CACHED

#11 [payment-service 3/3] COPY consumer.py /consumer.py
#11 CACHED

#12 [order-service-1 2/3] RUN pip install --no-cache-dir     psycopg2-binary==2.9.9     redis==5.0.1     kafka-python==3.0.11     opentelemetry-sdk==1.27.0     opentelemetry-exporter-otlp-proto-http==1.27.0
#12 CACHED

#13 [order-service-1 3/3] COPY server.py /server.py
#13 CACHED

#14 [order-service-1] exporting to image
#14 exporting layers done
#14 exporting manifest sha256:542e6aa14396bb3abda38cb5486750e6bb3f6b7be7edb6599490fa2964e05a66 done
#14 exporting config sha256:7747fec2df800ed0bc47b458a04a69fb274d5d15f722ea0481aee58211af315b done
#14 exporting attestation manifest sha256:2fb5ee6031df3fa5204cbcac0f11d1f75a2fddc58779fb861f5b12e733bbc7d7 0.0s done
#14 exporting manifest list sha256:3e1b4af27a8935d1961e6c875bc6360b6cac1ee99bff245f97f213eed2188903
#14 exporting manifest list sha256:3e1b4af27a8935d1961e6c875bc6360b6cac1ee99bff245f97f213eed2188903 0.0s done
#14 naming to docker.io/library/r15-capstone-order-service-1:latest done
#14 unpacking to docker.io/library/r15-capstone-order-service-1:latest 0.0s done
#14 DONE 0.1s

#15 [payment-service] exporting to image
#15 exporting layers done
#15 exporting manifest sha256:577ef3966ad8236d85df316169b4647d97bfc3009dfae2af13eb5e9f22d9d6e2 done
#15 exporting config sha256:0f45dfea01a35819a9c149d6324624f146bf86d44bc742cabada038237615bb1 done
#15 exporting attestation manifest sha256:d45e4b578f2a93341f71a80d819768c713d48d03a00c17b22771a8d851f6fc70 0.0s done
#15 exporting manifest list sha256:8bcd69b800bc231be72b9f7c37c918e26b6c665860e449d50a5ea0c7b229c22d 0.0s done
#15 naming to docker.io/library/r15-capstone-payment-service:latest done
#15 unpacking to docker.io/library/r15-capstone-payment-service:latest done
#15 DONE 0.1s

#16 [order-service-2] exporting to image
#16 exporting layers done
#16 exporting manifest sha256:4a4737e80344f7ba968984deeffbfd33b389dd08d24cba7cb60c85d40b341cbb done
#16 exporting config sha256:d6934033d083a803aeb8fccd7070a1048d4955a05511d80bb52db74b422ab707 done
#16 exporting attestation manifest sha256:a188ffc0abe5ac1ab6dd61891674ed59d59f413521ccfddb463c31850e017135 0.0s done
#16 exporting manifest list sha256:d47bf55826be66f97d687ad89a0c727964e265dc016c786cf50c778e9805785b 0.0s done
#16 naming to docker.io/library/r15-capstone-order-service-2:latest done
#16 unpacking to docker.io/library/r15-capstone-order-service-2:latest done
#16 DONE 0.1s

#17 [order-service-1] resolving provenance for metadata file
#17 DONE 0.0s

#18 [payment-service] resolving provenance for metadata file
#18 DONE 0.0s

#19 [order-service-2] resolving provenance for metadata file
#19 DONE 0.0s
 Image r15-capstone-order-service-1 Built 
 Image r15-capstone-order-service-2 Built 
 Image r15-capstone-payment-service Built 
 Container r15-capstone-prometheus-1 Creating 
 Container r15-capstone-grafana-1 Creating 
 Container r15-capstone-dozzle-1 Creating 
 Container r15-capstone-kafka-1 Running 
 Container r15-capstone-jaeger-1 Creating 
 Container r15-capstone-pgweb-order-1 Creating 
 Container r15-capstone-pgbouncer-1 Running 
 Container r15-capstone-payment-db-1 Running 
 Container r15-capstone-toxiproxy-1 Running 
 Container r15-capstone-valkey-1 Running 
 Container r15-capstone-kafka-ui-1 Creating 
 Container r15-capstone-payment-service-1 Creating 
 Container r15-capstone-debezium-1 Creating 
 Container r15-capstone-pgweb-payment-1 Creating 
 Container r15-capstone-prometheus-1 Created 
 Container r15-capstone-grafana-1 Created 
 Container r15-capstone-dozzle-1 Created 
 Container r15-capstone-jaeger-1 Created 
 Container r15-capstone-order-service-2-1 Creating 
 Container r15-capstone-order-service-1-1 Creating 
 Container r15-capstone-payment-service-1 Created 
 Container r15-capstone-kafka-ui-1 Created 
 Container r15-capstone-debezium-1 Created 
 Container r15-capstone-pgweb-order-1 Created 
 Container r15-capstone-pgweb-payment-1 Created 
 Container r15-capstone-order-service-1-1 Created 
 Container r15-capstone-order-service-2-1 Created 
 Container r15-capstone-envoy-1 Creating 
 Container r15-capstone-envoy-1 Created 
 Container r15-capstone-prometheus-1 Starting 
 Container r15-capstone-payment-service-1 Starting 
 Container r15-capstone-grafana-1 Starting 
 Container r15-capstone-pgweb-order-1 Starting 
 Container r15-capstone-debezium-1 Starting 
 Container r15-capstone-pgweb-payment-1 Starting 
 Container r15-capstone-dozzle-1 Starting 
 Container r15-capstone-jaeger-1 Starting 
 Container r15-capstone-kafka-ui-1 Starting 
 Container r15-capstone-payment-service-1 Started 
 Container r15-capstone-jaeger-1 Started 
 Container r15-capstone-order-service-2-1 Starting 
 Container r15-capstone-order-service-1-1 Starting 
 Container r15-capstone-pgweb-payment-1 Started 
 Container r15-capstone-grafana-1 Started 
 Container r15-capstone-kafka-ui-1 Started 
 Container r15-capstone-prometheus-1 Started 
 Container r15-capstone-debezium-1 Started 
 Container r15-capstone-dozzle-1 Started 
 Container r15-capstone-pgweb-order-1 Started 
 Container r15-capstone-order-service-2-1 Started 
 Container r15-capstone-order-service-1-1 Started 
 Container r15-capstone-envoy-1 Starting 
 Container r15-capstone-envoy-1 Started 
waiting for order-service via Envoy (timeout 180s). ok (2s)
waiting for both order-service replicas healthy in Envoy (timeout 150s)........................... ok (54s)

=== Debezium connectors ===
waiting for Kafka Connect REST API (timeout 180s) ok (0s)
connector 'order-outbox-connector' registered
connector 'payment-outbox-connector' registered
waiting for order-outbox-connector RUNNING (connector + task) (timeout 120s). ok (2s)
waiting for payment-outbox-connector RUNNING (connector + task) (timeout 120s) ok (0s)

=== R15 is up ===
Order API (via Envoy) : http://localhost:59080/place-order?id=demo-1
                        http://localhost:59080/order-status?id=demo-1
Envoy admin           : http://localhost:59901/clusters
Kafka UI              : http://localhost:59180
Jaeger (traces)       : http://localhost:59686
Grafana               : http://localhost:59300
pgweb (order/Patroni) : http://localhost:59081
pgweb (payment-db)    : http://localhost:59082
Dozzle (logs)         : http://localhost:59888
Debezium Connect      : http://localhost:59083/connectors
Toxiproxy control     : http://localhost:59474/proxies

Next: ./scripts/verify.sh   (proves real end-to-end behaviour, not just "containers are up")
