=== R9-02 DB FAILURE, NO PROTECTION, 19:31:16 ===
--- single request /order-raw during outage ---
{"error": "connection to server at \"toxiproxy\" (172.22.0.8), port 6432 failed: Connection refused\n\tIs the server running on that host and accepting TCP/IP connections?\n", "protected": false, "elapsed": 0.001}
(HTTP 500, 0.004072s)
--- load through UNPROTECTED path during outage ---
Requests      [total, rate, throughput]         50, 10.20, 0.00
Duration      [total, attack, wait]             4.902s, 4.9s, 1.671ms
Latencies     [min, mean, 50, 90, 95, 99, max]  1.562ms, 2.923ms, 2.427ms, 5.103ms, 6.383ms, 7.717ms, 7.717ms
Bytes In      [total, mean]                     10606, 212.12
Bytes Out     [total, mean]                     0, 0.00
Success       [ratio]                           0.00%
Status Codes  [code:count]                      500:50  
Error Set:
500 Internal Server Error
=== R9-02b DB HANGING (realistic slow-dependency pain), 19:31:37 ===
--- single request, unprotected, hangs until connect_timeout=3s ---
{"error": "connection to server at \"toxiproxy\" (172.22.0.8), port 6432 failed: timeout expired\n", "protected": false, "elapsed": 3.004}
(HTTP 500, 3.010184s)
--- load through UNPROTECTED path while DB is hanging ---
Requests      [total, rate, throughput]         30, 5.17, 0.00
Duration      [total, attack, wait]             8.812s, 5.8s, 3.012s
Latencies     [min, mean, 50, 90, 95, 99, max]  3.005s, 3.008s, 3.008s, 3.011s, 3.012s, 3.029s, 3.029s
Bytes In      [total, mean]                     4138, 137.93
Bytes Out     [total, mean]                     0, 0.00
Success       [ratio]                           0.00%
Status Codes  [code:count]                      500:30  
Error Set:
500 Internal Server Error
